// Jest Snapshot v1, https://goo.gl/fbAQLP

exports[`SankeyChart matches a simple snapshot 1`] = `
"
      <sankey-chart-base></sankey-chart-base>

      
    "
`;

exports[`SankeyChart matches a simple snapshot 2`] = `
"
        <ha-card label="Sankey Chart">
          <div class=" container " style="height:200px;">
            
    <div class="section" style="">
      <div class="connectors">
            <svg preserveAspectRatio="none" viewBox="0 0 100 200">
        <defs>
          
            <linearGradient id="gradient0.0.0" gradientTransform="">
              <stop offset="0%" stop-color="var(--primary-color)"></stop>
              <stop offset="100%" stop-color="var(--primary-color)"></stop>
            </linearGradient>
          
            <linearGradient id="gradient0.0.1" gradientTransform="">
              <stop offset="0%" stop-color="var(--primary-color)"></stop>
              <stop offset="100%" stop-color="var(--primary-color)"></stop>
            </linearGradient>
          
        </defs>
        
              <path d="M0,2.5 C50,2.5 50,0 100,0 L100,97 C50,97 50,100 0,100 Z" fill="url(#gradient0.0.0)" fill-opacity="0.4"></path>
            
              <path d="M0,100 C50,100 50,103 100,103 L100,200 C50,200 50,197.5 0,197.5 Z" fill="url(#gradient0.0.1)" fill-opacity="0.4"></path>
            
      </svg>
          </div>
      
          <div class="spacerv" style="height:2.5px;"></div>
          
          <div class="box type-entity" style="height:195px;">
            <div style="background-color:var(--primary-color);" title="2W " class="">
              
            </div>
            <div class="label" style="line-height:15px;">
    <span>
          <span class="state">W</span>
        </span>
    
  </div>
          </div>
          
        
    </div>
  
    <div class="section" style="">
      
      
          
          
          <div class="box type-entity" style="height:97px;">
            <div style="background-color:var(--primary-color);" title="1W " class="">
              
            </div>
            <div class="label" style="line-height:15px;">
    <span>
          <span class="state">W</span>
        </span>
    
  </div>
          </div>
          
        
          <div class="spacerv" style="height:6px;"></div>
          
          <div class="box type-entity" style="height:97px;">
            <div style="background-color:var(--primary-color);" title="1W " class="">
              
            </div>
            <div class="label" style="line-height:15px;">
    <span>
          <span class="state">W</span>
        </span>
    
  </div>
          </div>
          
        
    </div>
  
          </div>
        </ha-card>
      <style>
    ha-card {
        overflow-x: auto;
    }
    .container {
        display: flex;
        position: relative;
        /* height: 210px; */
        padding: 16px;
        overflow: hidden;
    }
    .container.with-header {
        margin-top: -16px;
    }
    .container.vertical {
        flex-direction: column;
    }
    .section {
        flex: 1;
        flex-direction: column;
        position: relative;
        min-width: 0;
        max-width: 50%;
    }
    .wide .section:last-child {
        flex: initial;
    }
    .vertical .section {
        display: flex;
        flex: initial;
        flex-direction: row-reverse;
        align-items: flex-start;
        max-width: 100%;
        width: 100%;
        height: 150px;
    }
    .vertical .section:last-child {
        flex: 1;
    }
    .spacerv {
        transition: height 0.25s;
    }
    .vertical .spacerv {
        transition: width 0.25s;
    }
    .box {
        display: flex;
        align-items: center;
        /* position: relative; */
        /* min-height: 1px; */
        transition: height 0.25s;
    }
    .vertical .box {
        flex-direction: column;
        transition: width 0.25s;
    }
    /* .box::before {
        content: "";
        position: absolute;
        top: -2px;
        bottom: -2px;
        left: -2px;
        right: -2px;
        background-color: var(--primary-color);
        opacity: 0.5;
        border-radius: 3px;
    } */
    .box div:first-child {
        display: flex;
        justify-content: center;
        align-items: center;
        overflow: hidden;
        background-color: var(--primary-color);
        width: 15px;
        height: 100%;
        cursor: pointer;
    }
    .vertical .box div:first-child {
        width: 100%;
        height: 15px;
    }
    .box.type-passthrough div:first-child {
        opacity: 0.4;
    }
    .box.type-passthrough div.hl:first-child {
        opacity: 0.85;
    }
    .box .label {
        flex: 1;
        display: flex;
        align-items: center;
        padding: 0 10px;
        white-space: nowrap;
        overflow: hidden;
        text-overflow: ellipsis;
    }
    .vertical .box .label {
        padding: 5px 0 0;
        flex-direction: column;
        white-space: normal;
        /* word-break: break-all; */
        text-align: center;
    }
    .box .label .name {
        font-style: italic;
        font-size: inherit;
    }
    .box .label .name a {
        position: sticky;
        z-index: 100;
        color: var(--primary-text-color);
    }
    .connectors {
        position: absolute;
        top: 0;
        left: 15px;
        right: 0;
        height: 100%;
        overflow: hidden;
    }
    .vertical .connectors {
        top: 15px;
        left: 0;
        bottom: 0;
        height: auto;
    }
    .connectors svg {
        position: absolute;
        left: -1px;
        width: 101%;
        height: 100%;
    }
    .vertical .connectors svg {
        top: -1px;
        left: 0;
        width: 100%;
        height: 101%;
    }
</style>"
`;
