// Jest Snapshot v1, https://goo.gl/fbAQLP

exports[`SankeyChart matches a simple snapshot 1`] = `
"
      <sankey-chart-base></sankey-chart-base>

      
    "
`;

exports[`SankeyChart matches a simple snapshot 2`] = `
"
        <ha-card label="Sankey Chart">
          <div class=" container ">
            <svg class="chart" preserveAspectRatio="xMinYMin meet" viewBox="0 0 992 200" width="992" height="200">
              
    <g class="section" transform="translate(0, 0)">
      
        <defs>
          
            <linearGradient id="gradient0.0.0" gradientTransform="">
              <stop offset="0%" stop-color="var(--primary-color)"></stop>
              <stop offset="100%" stop-color="var(--primary-color)"></stop>
            </linearGradient>
          
            <linearGradient id="gradient0.0.1" gradientTransform="">
              <stop offset="0%" stop-color="var(--primary-color)"></stop>
              <stop offset="100%" stop-color="var(--primary-color)"></stop>
            </linearGradient>
          
        </defs>
        
              <path d="M15,2.5 C477.85,2.5 477.85,0 940.7,0 L940.7,97 C477.85,97 477.85,100 15,100 Z" fill="url(#gradient0.0.0)" fill-opacity="0.4"></path>
            
              <path d="M15,100 C477.85,100 477.85,103 940.7,103 L940.7,200 C477.85,200 477.85,197.5 15,197.5 Z" fill="url(#gradient0.0.1)" fill-opacity="0.4"></path>
            
      </g>
      
          <g class=" box type-entity ">
            <title></title>
            <rect class="color-bar" x="0" y="2.5" width="15" height="195" fill="var(--primary-color)"></rect>
            
            <foreignObject x="15" y="2.5" width="925.7" height="195">
              <div class="label-wrap" xmlns="http://www.w3.org/1999/xhtml">
                <div class="label" style="line-height:15px;">
    <span>
          <span class="state">W</span>
        </span>
    
  </div>
              </div>
            </foreignObject>
          </g>
        
    </g>
  
    <g class="section" transform="translate(940.7, 0)">
      
      
          <g class=" box type-entity ">
            <title></title>
            <rect class="color-bar" x="0" y="0" width="15" height="97" fill="var(--primary-color)"></rect>
            
            <foreignObject x="15" y="0" width="36.3" height="97">
              <div class="label-wrap" xmlns="http://www.w3.org/1999/xhtml">
                <div class="label" style="line-height:15px;">
    <span>
          <span class="state">W</span>
        </span>
    
  </div>
              </div>
            </foreignObject>
          </g>
        
          <g class=" box type-entity ">
            <title></title>
            <rect class="color-bar" x="0" y="103" width="15" height="97" fill="var(--primary-color)"></rect>
            
            <foreignObject x="15" y="103" width="36.3" height="97">
              <div class="label-wrap" xmlns="http://www.w3.org/1999/xhtml">
                <div class="label" style="line-height:15px;">
    <span>
          <span class="state">W</span>
        </span>
    
  </div>
              </div>
            </foreignObject>
          </g>
        
    </g>
  
            </svg>
          </div>
        </ha-card>
      <style>
    ha-card {
        overflow-x: auto;
    }
    .container {
        position: relative;
        padding: 16px;
        overflow: hidden;
    }
    .container.with-header {
        margin-top: -16px;
    }
    .chart {
        display: block;
        max-width: 100%;
        overflow: visible;
    }
    .box {
        cursor: pointer;
    }
    .box .color-bar {
        transition: x 0.25s, y 0.25s, width 0.25s, height 0.25s;
    }
    .box.type-passthrough .color-bar {
        fill-opacity: 0.4;
    }
    .box.type-passthrough.hl .color-bar {
        fill-opacity: 0.85;
    }
    foreignObject {
        overflow: visible;
        pointer-events: none;
    }
    .icon-wrap {
        display: flex;
        justify-content: center;
        align-items: center;
        width: 100%;
        height: 100%;
        overflow: hidden;
    }
    .label-wrap {
        display: flex;
        align-items: center;
        width: 100%;
        height: 100%;
    }
    .vertical .label-wrap {
        flex-direction: column;
        align-items: center;
        justify-content: flex-start;
    }
    .box .label {
        display: inline-flex;
        align-items: center;
        max-width: 100%;
        padding: 0 10px;
        white-space: nowrap;
        overflow: hidden;
        text-overflow: ellipsis;
        box-sizing: border-box;
        pointer-events: auto;
    }
    .vertical .box .label {
        padding: 5px 0 0;
        flex-direction: column;
        white-space: normal;
        text-align: center;
        max-width: none;
        overflow: visible;
        pointer-events: none;
    }
    .vertical .box .label > * {
        pointer-events: auto;
    }
    .box .label .name {
        font-style: italic;
        font-size: inherit;
    }
    .box .label .name a {
        position: sticky;
        z-index: 100;
        color: var(--primary-text-color);
        pointer-events: auto;
    }
</style>"
`;
