// Jest Snapshot v1, https://goo.gl/fbAQLP

exports[`SankeyChart with remaining type entities matches snapshot 1`] = `
"
      <sankey-chart-base></sankey-chart-base>

      
    "
`;

exports[`SankeyChart with remaining type entities matches snapshot 2`] = `
"
        <ha-card label="Sankey Chart">
          <div class=" container with-header ">
            <svg class="chart" preserveAspectRatio="xMinYMin meet" viewBox="0 0 992 200" width="992" height="200">
              
    <g class="section" transform="translate(0, 0)">
      
        <defs>
          
            <linearGradient id="gradient0.0.0" gradientTransform="">
              <stop offset="0%" stop-color="var(--warning-color)"></stop>
              <stop offset="100%" stop-color="darkslateblue"></stop>
            </linearGradient>
          
        </defs>
        
              <path d="M15,69.5 C122.03125,69.5 122.03125,5 229.0625,5 L229.0625,66.62162162162163 C122.03125,66.62162162162163 122.03125,130.5 15,130.5 Z" fill="url(#gradient0.0.0)" fill-opacity="0.4"></path>
            
      </g>
      
          <g class=" box type-entity ">
            <title></title>
            <rect class="color-bar" x="0" y="69.5" width="15" height="61" fill="var(--warning-color)"></rect>
            
            <foreignObject x="15" y="69.5" width="214.0625" height="61">
              <div class="label-wrap" xmlns="http://www.w3.org/1999/xhtml">
                <div class="label" style="line-height:15px;">
    <span>
          <span class="state">kW</span>
        </span>
    
  </div>
              </div>
            </foreignObject>
          </g>
        
    </g>
  
    <g class="section" transform="translate(229.0625, 0)">
      
        <defs>
          
            <linearGradient id="gradient1.0.0" gradientTransform="">
              <stop offset="0%" stop-color="darkslateblue"></stop>
              <stop offset="100%" stop-color="var(--primary-color)"></stop>
            </linearGradient>
          
            <linearGradient id="gradient1.0.1" gradientTransform="">
              <stop offset="0%" stop-color="darkslateblue"></stop>
              <stop offset="100%" stop-color="var(--primary-color)"></stop>
            </linearGradient>
          
            <linearGradient id="gradient1.0.2" gradientTransform="">
              <stop offset="0%" stop-color="darkslateblue"></stop>
              <stop offset="100%" stop-color="var(--primary-color)"></stop>
            </linearGradient>
          
        </defs>
        
              <path d="M15,5 C122.03125,5 122.03125,0 229.0625,0 L229.0625,63 C122.03125,63 122.03125,68.2879899767317 15,68.2879899767317 Z" fill="url(#gradient1.0.0)" fill-opacity="0.4"></path>
            
              <path d="M15,68.2879899767317 C122.03125,68.2879899767317 122.03125,68.5 229.0625,68.5 L229.0625,131.5 C122.03125,131.5 122.03125,131.60998747091463 15,131.60998747091463 Z" fill="url(#gradient1.0.1)" fill-opacity="0.4"></path>
            
              <path d="M15,131.60998747091463 C122.03125,131.60998747091463 122.03125,137 229.0625,137 L229.0625,200 C122.03125,200 122.03125,195.00000000000003 15,195.00000000000003 Z" fill="url(#gradient1.0.2)" fill-opacity="0.4"></path>
            
      </g>
      
          <g class=" box type-remaining_child_state ">
            <title>5.6kW Total
All
All
All
All
All
IDK
IDK
IDK
IDK
IDK
IDK
IDK
IDK
IDK</title>
            <rect class="color-bar" x="0" y="5" width="15" height="190" fill="darkslateblue"></rect>
            
            <foreignObject x="15" y="5" width="214.0625" height="190">
              <div class="label-wrap" xmlns="http://www.w3.org/1999/xhtml">
                <div class="label" style="line-height:15px;">
    <span>
          <span class="state">kW</span>
        </span>
    
  </div>
              </div>
            </foreignObject>
          </g>
        
    </g>
  
    <g class="section" transform="translate(458.125, 0)">
      
        <defs>
          
            <linearGradient id="gradient2.0.0" gradientTransform="">
              <stop offset="0%" stop-color="var(--primary-color)"></stop>
              <stop offset="100%" stop-color="red"></stop>
            </linearGradient>
          
        </defs>
        
              <path d="M15,0 C122.03125,0 122.03125,68.5 229.0625,68.5 L229.0625,131.43236714975845 C122.03125,131.43236714975845 122.03125,63 15,63 Z" fill="url(#gradient2.0.0)" fill-opacity="0.4"></path>
            
      
        <defs>
          
            <linearGradient id="gradient2.1.0" gradientTransform="">
              <stop offset="0%" stop-color="var(--primary-color)"></stop>
              <stop offset="100%" stop-color="red"></stop>
            </linearGradient>
          
        </defs>
        
              <path d="M15,68.5 C122.03125,68.5 122.03125,131.43236714975845 229.0625,131.43236714975845 L229.0625,131.5 C122.03125,131.5 122.03125,68.56766917293233 15,68.56766917293233 Z" fill="url(#gradient2.1.0)" fill-opacity="0.4"></path>
            
      
        <defs>
          
        </defs>
        
      </g>
      
          <g class=" box type-entity ">
            <title>1.9kW Varmtvann
Blaa</title>
            <rect class="color-bar" x="0" y="0" width="15" height="63" fill="var(--primary-color)"></rect>
            
            <foreignObject x="15" y="0" width="214.0625" height="63">
              <div class="label-wrap" xmlns="http://www.w3.org/1999/xhtml">
                <div class="label" style="line-height:15px;">
    <span>
          <span class="state">kW</span>
        </span>
    
  </div>
              </div>
            </foreignObject>
          </g>
        
          <g class=" box type-entity ">
            <title></title>
            <rect class="color-bar" x="0" y="68.5" width="15" height="63" fill="var(--primary-color)"></rect>
            
            <foreignObject x="15" y="68.5" width="214.0625" height="63">
              <div class="label-wrap" xmlns="http://www.w3.org/1999/xhtml">
                <div class="label" style="line-height:15px;">
    <span>
          <span class="state">kВ</span>
        </span>
    
  </div>
              </div>
            </foreignObject>
          </g>
        
          <g class=" box type-entity ">
            <title></title>
            <rect class="color-bar" x="0" y="137" width="15" height="63" fill="var(--primary-color)"></rect>
            
            <foreignObject x="15" y="137" width="214.0625" height="63">
              <div class="label-wrap" xmlns="http://www.w3.org/1999/xhtml">
                <div class="label" style="line-height:15px;">
    <span>
          <span class="state">kW</span>
        </span>
    
  </div>
              </div>
            </foreignObject>
          </g>
        
    </g>
  
    <g class="section" transform="translate(687.1875, 0)">
      
        <defs>
          
            <linearGradient id="gradient3.0.0" gradientTransform="">
              <stop offset="0%" stop-color="red"></stop>
              <stop offset="100%" stop-color="red"></stop>
            </linearGradient>
          
        </defs>
        
              <path d="M15,68.5 C122.03125,68.5 122.03125,68.5 229.0625,68.5 L229.0625,131.5 C122.03125,131.5 122.03125,131.5 15,131.5 Z" fill="url(#gradient3.0.0)" fill-opacity="0.4"></path>
            
      </g>
      
          <g class=" box type-passthrough ">
            <title></title>
            <rect class="color-bar" x="0" y="68.5" width="15" height="63" fill="red"></rect>
            
            <foreignObject x="15" y="68.5" width="214.0625" height="63">
              <div class="label-wrap" xmlns="http://www.w3.org/1999/xhtml">
                
              </div>
            </foreignObject>
          </g>
        
    </g>
  
    <g class="section" transform="translate(916.25, 0)">
      
      
          <g class=" box type-entity ">
            <title></title>
            <rect class="color-bar" x="0" y="68.5" width="15" height="63" fill="red"></rect>
            
            <foreignObject x="15" y="68.5" width="60.75" height="63">
              <div class="label-wrap" xmlns="http://www.w3.org/1999/xhtml">
                <div class="label" style="line-height:15px;">
    <span>
          <span class="state">kW</span>
        </span>
    
  </div>
              </div>
            </foreignObject>
          </g>
        
    </g>
  
            </svg>
          </div>
        </ha-card>
      <style>
    ha-card {
        overflow-x: auto;
    }
    .container {
        position: relative;
        padding: 16px;
        overflow: hidden;
    }
    .container.with-header {
        margin-top: -16px;
    }
    .chart {
        display: block;
        max-width: 100%;
        overflow: visible;
    }
    .box {
        cursor: pointer;
    }
    .box .color-bar {
        transition: x 0.25s, y 0.25s, width 0.25s, height 0.25s;
    }
    .box.type-passthrough .color-bar {
        fill-opacity: 0.4;
    }
    .box.type-passthrough.hl .color-bar {
        fill-opacity: 0.85;
    }
    foreignObject {
        overflow: visible;
        pointer-events: none;
    }
    .icon-wrap {
        display: flex;
        justify-content: center;
        align-items: center;
        width: 100%;
        height: 100%;
        overflow: hidden;
    }
    .label-wrap {
        display: flex;
        align-items: center;
        width: 100%;
        height: 100%;
    }
    .vertical .label-wrap {
        flex-direction: column;
        align-items: center;
        justify-content: flex-start;
    }
    .box .label {
        display: inline-flex;
        align-items: center;
        max-width: 100%;
        padding: 0 10px;
        white-space: nowrap;
        overflow: hidden;
        text-overflow: ellipsis;
        box-sizing: border-box;
        pointer-events: auto;
    }
    .vertical .box .label {
        padding: 5px 0 0;
        flex-direction: column;
        white-space: normal;
        text-align: center;
        max-width: none;
        overflow: visible;
        pointer-events: none;
    }
    .vertical .box .label > * {
        pointer-events: auto;
    }
    .box .label .name {
        font-style: italic;
        font-size: inherit;
    }
    .box .label .name a {
        position: sticky;
        z-index: 100;
        color: var(--primary-text-color);
        pointer-events: auto;
    }
</style>"
`;
